// Jest Snapshot v1, https://goo.gl/fbAQLP

exports[`<Feature /> Renders the <Feature /> with populated data 1`] = `
<div
  class="feature__Container-sc-1y24gor-0 hpCPBF"
>
  <h1
    class="feature__Title-sc-1y24gor-1 cVIPdK"
  >
    Unlimited films, TV programmes and more.
  </h1>
  <h2
    class="feature__SubTitle-sc-1y24gor-2 JryHG"
  >
    Watch anywhere. Cancel at any time.
  </h2>
</div>
`;
