// Jest Snapshot v1, https://goo.gl/fbAQLP

exports[`<Form /> Renders the <Form /> with an error 1`] = `
<div
  class="form__Container-sc-1uy70tk-0 kBSbhU"
>
  <div
    class="form__Error-sc-1uy70tk-2 gUhRlc"
  >
    Your email address is already being used
  </div>
  <button
    class="form__Submit-sc-1uy70tk-8 kpyGwj"
    type="submit"
  >
    Sign In
  </button>
</div>
`;

exports[`<Form /> Renders the <Form /> with populated data 1`] = `
<div
  class="form__Container-sc-1uy70tk-0 kBSbhU"
>
  <h1
    class="form__Title-sc-1uy70tk-3 kJZlXS"
  >
    Sign In Now
  </h1>
  <form
    class="form__Base-sc-1uy70tk-1 cgNNLe"
  >
    <input
      class="form__Input-sc-1uy70tk-7 FyxXs"
      placeholder="Email address"
    />
    <input
      class="form__Input-sc-1uy70tk-7 FyxXs"
      placeholder="Password"
      type="password"
    />
    <button
      class="form__Submit-sc-1uy70tk-8 kpyGwj"
      disabled=""
      type="submit"
    >
      Sign In
    </button>
  </form>
  <p
    class="form__Text-sc-1uy70tk-4 jwOXwz"
  >
    New to Netflix? 
  </p>
  <p
    class="form__TextSmall-sc-1uy70tk-5 cNJKwz"
  >
    This page is protected by Google reCAPTCHA to ensure you're not a bot. Learn more.
  </p>
</div>
`;
